**************************************************************************************
***  DIALOGS  *********  COUNT: 00000000  ********************************************
**************************************************************************************
$	10	all_default
$	20	all_alco
$	21	all_alco_w
$	22	all_merchant
$	25	all_narcoman
$	26	all_narcoman_w
$	27	all_turret
$	35	all_poor_man
$	36	all_poor_man_w
$	40	all_child
$	41	all_child_w
$	42	all_slave
$	43	all_slaver
$	44	all_trapper
$	45	all_narcodialer
$	50	all_bootlegger
$	55	all_robber
$	56	all_bandit
$	57	all_cannibal
$	60	all_guard
$	61	all_guard_w
$	62	all_homesteader
$	63	all_raider
$	64	all_enclave_patrol
$	65	all_casino_player
$	66	all_casino_player_w
$	67	all_mercenary
$	68	all_elronologist
$	69	all_press_gang
$	80	all_unity
$	81	all_mafia
$	82	all_traveller
$	83	all_ranger
$	84	all_marauder
$	85	all_bounty_hunter
$	86	all_outcast
$	87	all_holy_people
$	88	all_nomad
$	89	all_hunter
$   90  speter
$   91  replicator
$   92  replicator_energy

$	93	all_jukebox
$	94	Sot1liza_new

$	100	lake_bar
$	101	lake_fish
$	102	lake_general

$	110	xmas_grand

$	206	Bulletin_board

$	211	all_roulette

$	302	mod_citizen

$	330	mod_enter_guard

$	331 moder1

$	350 mod_comm_man
$	351 mod_comm_woman
$	352	mod_comm_guard
$	353 mod_comm_child
$	354 mod_comm_prisoner
$	355 mod_comm_thug
$	356 mod_comm_caravanneer
$	357	mod_comm_whore
$	358	mod_comm_trapper

$	369	mod_trader_maintenance
$	370	mod_trader_guns
$	371	mod_trader_general
$	372	mod_trader_rose
$	373	mod_trader_bar
$	374	mod_trader_doctor
$	375	mod_trader_caravan
$	376	mod_trader_junk
$	377	mod_trader_tools
$	378	mod_trader_baltas

$	379	jun_Harvi_Trader
$	380	jun_junker
$	381	jun_mutant_leader
$	382	jun_Mutdoc
$	383	jun_raider2
$	384	jun_Tein

$	385	sat_doc
$	386	sat_narcodiller
$	387	sat_Reactorguy
$	388	sat_weaponguy

$	389	1_under_Klaid
$	390	1_stranger
$	391	1_Rouch
$	392	1_u_ghoul_guard
$	393	1_u_ghoul_guard2
$	394	1_u_guard1
$	395	1_u_guard2
$	396	1_u_human
$	397	1_u_human1
$	398	1_u_human2
$	399	1_innkeeper

$   400   mod_gov_treasurer
$	401	  black_junk

$	402	1_u_guard3g
$	403	1_u_kid1
$	404	1_u_child_boy
$	405	1_u_child_girl
$	406	2_ROB_1
$	407	0_RoboMasterChief


$	4700	start_caravan
$	4701	start_drover
$	4702	start_female
$	4703	start_guard
$	4704	start_kid
$	4705	start_male

$   4900    ball
$	5000	mob_norm_rat
$	5001	mob_pig_rat
$	5002	mob_mole_rat
$	5003	mob_int_mole_rat
$	5010	mob_small_scorp
$	5011	mob_large_scorp
$	5012	mob_mantis
$	5013	mob_giant_ant
$	5020	mob_silver_gecko
$	5021	mob_golden_gecko
$	5022	mob_fire_gecko
$	5030	mob_baby_deathclaw
$	5031	mob_adult_deathclaw
$	5032	mob_int_deathclaw
$	5033	mob_deathclaw_egg
$	5040	mob_robobrain
$	5041	mob_fly_eyeball
$	5042	mob_sentry_bot
$	5043	mob_mr_handy
$	5044	mob_floor_turret
$	5045	mob_plasma_turret
$	5050	mob_floater
$	5051	mob_centaur
$	5052	mob_wanamingo
$	5053	mob_spore_plant
$	5054	mob_dog
$	5055	mob_brahmin
$	5056	mob_alien
$	5057	mob_tribal
$	5058	mob_bandit
$	5059	mob_mutant
$	5060	mob_egg_wan
$	5061	mob_ill_brahmin
$	5062	sat_consolle
$	5063	mod_transfer

************************************************************
