all.fopro
tnf.fopro

forp_1rats.fopro
forp_2mantis.fopro
forp_3ants.fopro
forp_4sporeplants.fopro
forp_5brahmins.fopro
forp_6dogs.fopro
forp_7wolves.fopro
forp_8pigrats.fopro
forp_9molerats.fopro
forp_10silvergecko.fopro
forp_11goldengecko.fopro
forp_12firegecko.fopro
forp_13smallscorps.fopro
forp_14bigscorps.fopro
forp_15blackscorps.fopro
forp_16deathclaws.fopro
forp_17swamplurkers.fopro
forp_18aliens.fopro
forp_19motheraliens.fopro
forp_20floaters.fopro
forp_21centaurs.fopro
forp_22primitives.fopro
forp_23cannibals_and_rippers.fopro
forp_24gangs.fopro
forp_25raiders.fopro
forp_26slavers.fopro
forp_27caravans.fopro
forp_28strangers.fopro
forp_29ghouls.fopro
forp_30supermutants.fopro
forp_31robots.fopro
forp_32modoc_guards.fopro
forp_33fox villa.fopro
forp_34other_human_npc.fopro
forp_35poseydon_npc.fopro
forp_36poseydon_guards.fopro
forp_37lars_gang.fopro
forp_38kastor_clergy.fopro
forp_39sanfran_npc.fopro
forp_40sandbox_npc.fopro
forp_41riverdale_npc.fopro

forp_FORP2019.fopro
TLJru_Underground.fopro














